// Jest Snapshot v1, https://goo.gl/fbAQLP

exports[`Spreadsheet Row should render a Row with rowId and rowsById 1`] = `
<TableRow
  as="tr"
  cellAs="td"
>
  <Component
    cellId={1}
    rowId={1}
  />
  <Component
    cellId={2}
    rowId={1}
  />
  <Component
    cellId={3}
    rowId={1}
  />
  <Component
    cellId={4}
    rowId={1}
  />
  <Component
    cellId={5}
    rowId={1}
  />
</TableRow>
`;
