// Jest Snapshot v1, https://goo.gl/fbAQLP

exports[`Spreadsheet should render a Spreadsheet with range, majorDimension, header, rowIds, and rowsById 1`] = `
<div
  className="spreadsheet"
>
  <Table
    as="table"
    celled={true}
    striped={true}
  >
    <TableHeader
      as="thead"
    >
      <TableRow
        as="tr"
        cellAs="td"
      >
        <Wrapper
          headerCellId={1}
          key="1"
        />
        <Wrapper
          headerCellId={2}
          key="2"
        />
        <Wrapper
          headerCellId={3}
          key="3"
        />
        <Wrapper
          headerCellId={4}
          key="4"
        />
        <Wrapper
          headerCellId={5}
          key="5"
        />
      </TableRow>
    </TableHeader>
    <TableBody
      as="tbody"
    >
      <Connect(Component)
        key="1"
        rowId={1}
      />
      <Connect(Component)
        key="2"
        rowId={2}
      />
      <Connect(Component)
        key="3"
        rowId={3}
      />
      <Connect(Component)
        key="4"
        rowId={4}
      />
    </TableBody>
  </Table>
</div>
`;
