// Jest Snapshot v1, https://goo.gl/fbAQLP

exports[`Spreadsheet should render a Spreadsheet with range, majorDimension, header, rowIds, and rowsById 1`] = `
<div
  className="spreadsheet"
>
  <Table
    as="table"
    celled={true}
    striped={true}
  >
    <TableHeader
      as="thead"
    >
      <TableRow
        as="tr"
        cellAs="td"
      >
        <Component
          headerCellId={1}
        />
        <Component
          headerCellId={2}
        />
        <Component
          headerCellId={3}
        />
        <Component
          headerCellId={4}
        />
        <Component
          headerCellId={5}
        />
      </TableRow>
    </TableHeader>
    <TableBody
      as="tbody"
    >
      <Component
        rowId={1}
      />
      <Component
        rowId={2}
      />
      <Component
        rowId={3}
      />
      <Component
        rowId={4}
      />
    </TableBody>
  </Table>
</div>
`;
